============================= test session starts =============================
platform win32 -- Python 3.11.9, pytest-9.1.1, pluggy-1.6.0 -- K:\Christ Placement\sprig cap\hubspot-deals-etl\.venv\Scripts\python.exe
rootdir: K:\Christ Placement\sprig cap\hubspot-deals-etl
configfile: pytest.ini
testpaths: tests
collecting ... collected 83 items

tests/test_data_source.py::test_transform_deal_converts_types_and_adds_metadata PASSED [  1%]
tests/test_data_source.py::test_transform_deal_keeps_extra_properties_as_text PASSED [  2%]
tests/test_data_source.py::test_parse_hubspot_datetime_formats PASSED    [  3%]
tests/test_data_source.py::test_every_metadata_column_has_a_type_hint PASSED [  4%]
tests/test_data_source.py::test_batches_stop_at_checkpoint_interval_and_resume_from_cursor PASSED [  6%]
tests/test_data_source.py::test_pause_and_cancel_stop_before_next_page PASSED [  7%]
tests/test_data_source.py::test_checkpoint_payload_matches_job_service_contract PASSED [  8%]
tests/test_hubspot_api_service.py::test_get_deals_sends_bearer_token_and_query_params PASSED [  9%]
tests/test_hubspot_api_service.py::test_page_size_is_capped_at_hubspot_maximum PASSED [ 10%]
tests/test_hubspot_api_service.py::test_iterate_deals_follows_cursor_until_last_page PASSED [ 12%]
tests/test_hubspot_api_service.py::test_401_raises_authentication_error_without_retry PASSED [ 13%]
tests/test_hubspot_api_service.py::test_403_raises_permission_error_naming_scope PASSED [ 14%]
tests/test_hubspot_api_service.py::test_429_ten_secondly_is_retried_after_interval PASSED [ 15%]
tests/test_hubspot_api_service.py::test_429_daily_limit_fails_immediately PASSED [ 16%]
tests/test_hubspot_api_service.py::test_429_gives_up_after_max_retries PASSED [ 18%]
tests/test_hubspot_api_service.py::test_5xx_and_network_errors_are_retried PASSED [ 19%]
tests/test_hubspot_api_service.py::test_persistent_5xx_raises_server_error PASSED [ 20%]
tests/test_hubspot_api_service.py::test_missing_token_is_rejected_before_any_request PASSED [ 21%]
tests/test_hubspot_api_service.py::test_validate_credentials_reports_status_without_raising PASSED [ 22%]
tests/test_hubspot_api_service.py::test_rate_limit_headers_are_recorded PASSED [ 24%]
tests/test_hubspot_api_service.py::test_token_is_masked_for_logs PASSED  [ 25%]
tests/test_hubspot_api_service.py::test_rate_limiter_blocks_when_window_is_full PASSED [ 26%]
tests/test_mock_hubspot_contract.py::test_unknown_token_gets_hubspot_401_body PASSED [ 27%]
tests/test_mock_hubspot_contract.py::test_create_returns_201_with_hubspot_calculated_properties PASSED [ 28%]
tests/test_mock_hubspot_contract.py::test_cursor_pagination_matches_hubspot_shape PASSED [ 30%]
tests/test_mock_hubspot_contract.py::test_default_and_requested_properties PASSED [ 31%]
tests/test_mock_hubspot_contract.py::test_limit_is_capped_at_100_and_validated PASSED [ 32%]
tests/test_mock_hubspot_contract.py::test_scopes_are_enforced PASSED     [ 33%]
tests/test_mock_hubspot_contract.py::test_rate_limit_headers_and_429_body PASSED [ 34%]
tests/test_mock_hubspot_contract.py::test_archive_and_archived_listing PASSED [ 36%]
tests/test_mock_hubspot_contract.py::test_write_validation_errors PASSED [ 37%]
tests/test_mock_hubspot_contract.py::test_update_and_property_history PASSED [ 38%]
tests/test_mock_hubspot_contract.py::test_properties_and_pipelines_endpoints PASSED [ 39%]
tests/test_seeded_api.py::test_health_endpoints_report_healthy PASSED    [ 40%]
tests/test_seeded_api.py::test_status_matches_seeded_state[seed-pending] PASSED [ 42%]
tests/test_seeded_api.py::test_status_matches_seeded_state[seed-running] PASSED [ 43%]
tests/test_seeded_api.py::test_status_matches_seeded_state[seed-completed-few] PASSED [ 44%]
tests/test_seeded_api.py::test_status_matches_seeded_state[seed-completed-many] PASSED [ 45%]
tests/test_seeded_api.py::test_status_matches_seeded_state[seed-completed-zero] PASSED [ 46%]
tests/test_seeded_api.py::test_status_matches_seeded_state[seed-cancelled] PASSED [ 48%]
tests/test_seeded_api.py::test_status_matches_seeded_state[seed-failed] PASSED [ 49%]
tests/test_seeded_api.py::test_status_matches_seeded_state[seed-other-tenant] PASSED [ 50%]
tests/test_seeded_api.py::test_guideline_status_path_alias_returns_same_body PASSED [ 51%]
tests/test_seeded_api.py::test_results_match_seeded_rows PASSED          [ 53%]
tests/test_seeded_api.py::test_results_pagination_over_many_records PASSED [ 54%]
tests/test_seeded_api.py::test_results_for_completed_scan_with_zero_records PASSED [ 55%]
tests/test_seeded_api.py::test_results_for_incomplete_scan_conflict[seed-pending] PASSED [ 56%]
tests/test_seeded_api.py::test_results_for_incomplete_scan_conflict[seed-running] PASSED [ 57%]
tests/test_seeded_api.py::test_results_limit_validation PASSED           [ 59%]
tests/test_seeded_api.py::test_list_jobs_includes_every_seeded_job PASSED [ 60%]
tests/test_seeded_api.py::test_list_jobs_pagination_and_tenant_filter PASSED [ 61%]
tests/test_seeded_api.py::test_statistics_reflect_seeded_jobs PASSED     [ 62%]
tests/test_seeded_api.py::test_cancel_pending_job PASSED                 [ 63%]
tests/test_seeded_api.py::test_cancel_job_in_final_state_conflicts[seed-completed-few] PASSED [ 65%]
tests/test_seeded_api.py::test_cancel_job_in_final_state_conflicts[seed-failed] PASSED [ 66%]
tests/test_seeded_api.py::test_cancel_job_in_final_state_conflicts[seed-cancelled] PASSED [ 67%]
tests/test_seeded_api.py::test_remove_job_and_its_data[seed-completed-few] PASSED [ 68%]
tests/test_seeded_api.py::test_remove_job_and_its_data[seed-cancelled] PASSED [ 69%]
tests/test_seeded_api.py::test_remove_running_job_is_rejected PASSED     [ 71%]
tests/test_seeded_api.py::test_unknown_job_id_returns_404[get-/scan/{id}/status] PASSED [ 72%]
tests/test_seeded_api.py::test_unknown_job_id_returns_404[get-/scan/status/{id}] PASSED [ 73%]
tests/test_seeded_api.py::test_unknown_job_id_returns_404[get-/results/{id}/result] PASSED [ 74%]
tests/test_seeded_api.py::test_unknown_job_id_returns_404[get-/scan/result/{id}] PASSED [ 75%]
tests/test_seeded_api.py::test_unknown_job_id_returns_404[post-/scan/{id}/cancel] PASSED [ 77%]
tests/test_seeded_api.py::test_unknown_job_id_returns_404[post-/scan/cancel/{id}] PASSED [ 78%]
tests/test_seeded_api.py::test_unknown_job_id_returns_404[delete-/scan/{id}/remove] PASSED [ 79%]
tests/test_seeded_api.py::test_unknown_job_id_returns_404[delete-/scan/remove/{id}] PASSED [ 80%]
tests/test_seeded_api.py::test_injection_and_oversized_ids_are_harmless[' OR '1'='1] PASSED [ 81%]
tests/test_seeded_api.py::test_injection_and_oversized_ids_are_harmless[seed-completed-few'; DROP TABLE jobs;--] PASSED [ 83%]
tests/test_seeded_api.py::test_injection_and_oversized_ids_are_harmless[../../etc/passwd] PASSED [ 84%]
tests/test_seeded_api.py::test_injection_and_oversized_ids_are_harmless[xxxxxxxxxxxxxxxxxxxxxxxxxxxxxxxxxxxxxxxxxxxxxxxxxxxxxxxxxxxxxxxxxxxxxxxxxxxxxxxxxxxxxxxxxxxxxxxxxxxxxxxxxxxxxxxxxxxxxxxxxxxxxxxxxxxxxxxxxxxxxxxxxxxxxxxxxxxxxxxxxxxxxxxxxxxxxxxxxxxxxxxxxxxxxxxxxxxxxxxxxxxxxxxxxxxxxxxxxxxxxxxxxxxxxxxxxxxxxxxxxxxxxxxxxxxxxxxxxxxxxxxxxxxxxxxxxxxxxxxxxxxxxxxxxxxxxxxxxxxxxxxxxxxxxxxxxxxxxxxxxxxxxxxxxxxxxxxxxxxxxxxxxxxxxxxxxxxxxxxxxxxxxxxxxxxxxxxxxxxxxxxxxxxxxxxxxxxxxxxxxxxxxxxxxxxxxxxxxxxxxxxxxxxxxxxxxxxxxxxxxxxxxxxxxxxxxxxxxxxxxxxxxxxxxxxxxxxxxxxxxxxxxxxxxxxxxxxxxxxxxxxxxxxxxxxxxxxxxxxxxxxxxxxxxxxxxxxxxxxxxxxxxxxxxxxxxxxxxxxxxxxxxxxxxxxxxxxxxxxxxxxxxxxxxxxxxxxxxxxxxxxxxxxxxxxxxxxxxxxxxxxxxxxxxxxxxxxxxxxxxxxxxxxxxxxxxxxxxxxxxxxxxxxxxxxxxxxxxxxxxxxxxxxxxxxxxxxxxxxxxxxxxxxxxxxxxxxxxxxxxxxxxxxxxxxxxxxxxxxxxxxxxxxxxxxxxxxxxxxxxxxxxxxxxxxxxxxxxxxxxxxxxxxxxxxxxxxxxxxxxxxxxxxxxxxxxxxxxxxxxxxxxxxxxxxxxxxxxxxxxxxxxxxxxxxxxxxxxxxxxxxxxxxxxxxxxxxxxxxxxxxxxxxxxxxxxxxxxxxxxxxxxxxxxxxxxxxxxxxxxxxxxxxxxxxxxxxxxxxxxxxxxxxxxxxxxxxxxxxxxxxxxxxxxxxxxxxxxxxxxxxxxxxxxxxxxxxxxxxxxxxxxxxxxxxxxxxxxxxxxxxxxxxxxxxxxxxxxxxxxxxxxxxxxxxxxxxxxxxxxxxxxxxxxxxxxxxxxxxxxxxxxxxxxxxxxxxxxxxxxxxxxxxxxxxxxxxxxxxxxxxxxxxxxxxxxxxxxxxxxxxxxxxxxxxxxxxxxxxxxxxxxxxxxxxxxxxxxxxxxxxxxxxxxxxxxxxxxxxxxxxxxxxxxxxxxxxxxxxxxxxxxxxxxxxxxxxxxxxxxxxxxxxxxxxxxxxxxxxxxxxxxxxxxxxxxxxxxxxxxxxxxxxxxxxxxxxxxxxxxxxxxxxxxxxxxxxxxxxxxxxxxxxxxxxxxxxxxxxxxxxxxxxxxxxxxxxxxxxxxxxxxxxxxxxxxxxxxxxxxxxxxxxxxxxxxxxxxxxxxxxxxxxxxxxxxxxxxxxxxxxxxxxxxxxxxxxxxxxxxxxxxxxxxxxxxxxxxxxxxxxxxxxxxxxxxxxxxxxxxxxxxxxxxxxxxxxxxxxxxxxxxxxxxxxxxxxxxxxxxxxxxxxxxxxxxxxxxxxxxxxxxxxxxxxxxxxxxxxxxxxxxxxxxxxxxxxxxxxxxxxxxxxxxxxxxxxxxxxxxxxxxxxxxxxxxxxxxxxxxxxxxxxxxxxxxxxxxxxxxxxxxxxxxxxxxxxxxxxxxxxxxxxxxxxxxxxxxxxxxxxxxxxxxxxxxxxxxxxxxxxxxxxxxxxxxxxxxxxxxxxxxxxxxxxxxxxxxxxxxxxxxxxxxxxxxxxxxxxxxxxxxxxxxxxxxxxxxxxxxxxxxxxxxxxxxxxxxxxxxxxxxxxxxxxxxxxxxxxxxxxxxxxxxxxxxxxxxxxxxxxxxxxxxxxxxxxxxxxxxxxxxxxxxxxxxxxxxxxxxxxxxxxxxxxxxxxxxxxxxxxxxxxxxxxxxxxxxxxxxxxxxxxxxxxxxxxxxxxxxxxxxxxxxxxxxxxxxxxxxxxxxxxxxxxxxxxxxxxxxxxxxxxxxxxxxxxxxxxxxxxxxxxxxxxxxxxxxxxxxxxxxxxxxxxxxxxxxxxxxxxxxxxxxxxxxxxxxxxxxxxxxxxxxxxxxxxxxxxxxxxxxxxxxxxxxxxxxxxxxxxxxxxxxxxxxxxxxxxxxxxxxxxxxxxxxxxxxxxxxxxxxxxxxxxxxxxxxxxxxxxxxxxxxxxxxxxxxxxxxxxxxxxxxxxxxxxxxxxxxxxxxxxxxxxxxxxxxxxxxxxxxxxxxxxxxxxxxxxxxxxxxxxxxxxxxxxxxxxxxxxxxxxxxxxxxxxxxxxxxxxxxxxxxxxxxxxxxxxxxxxxxxxxxxxxxxxxxxxxxxxxxxxxxxxxxxxxxxxxxxxxxxxxxxxxxxxxxxxxxxxxxxxxxxxxxxxxxxxxxxxxxxxxxxxxxxxxxxxxxxxxxxxxxxxxxxxxxxxxxxxxxxxxxxxxxxxxxxxxxxxxxxxxxxxxxxxxxxxxxxxxxxxxxxxxxxxxxxxxxxxxxxxxxxxxxxxxxxxxxxxxxxxxxxxxxxxxxxxxxxxxxxxxxxxxxxxxxxxxxxxxxxxxxxxxxxxxxxxxxxxxxxxxxxxxxxxxxxxxxxxxxxxxxxxxxxxxxxxxxxxxxxxxxxxxxxxxxxxxxxxxxxxxxxxxxxxxxxxxxxxxxxxxxxxxxxxxxxxxxxxxxxxxxxxxxxxxxxxxxxxxxxxxxxxxxxxxxxxxxxxxxxxxxxxxxxxxxxxxxxxxxxxxxxxxxxxxxxxxxxxxxxxxxxxxxxxxxxxxxxxxxxxxxxxxxxxxxxxxxxxxxxxxxxxxxxxxxxxxxxxxxxxxxxxxxxxxxxxxxxxxxxxxxxxxxxxxxxxxxxxxxxxxxxxxxxxxxxxxxxxxxxxxxxxxxxxxxxxxxxxxxxxxxxxxxxxxxxxxxxxxxxxxxxxxxxxxxxxxxxxxxxxxxxxxxxxxxxxxxxxxxxxxxxxxxxxxxxxxxxxxxxxxxxxxxxxxxxxxxxxxxxxxxxxxxxxxxxxxxxxxxxxxxxxxxxxxxxxxxxxxxxxxxxxxxxxxxxxxxxxxxxxxxxxxxxxxxxxxxxxxxxxxxxxxxxxxxxxxxxxxxxxxxxxxxxxxxxxxxxxxxxxxxxxxxxxxxxxxxxxxxxxxxxxxxxxxxxxxxxxxxxxxxxxxxxxxxxxxxxxxxxxxxxxxxxxxxxxxxxxxxxxxxxxxxxxxxxxxxxxxxxxxxxxxxxxxxxxxxxxxxxxxxxxxxxxxxxxxxxxxxxxxxxxxxxxxxxxxxxxxxxxxxxxxxxxxxxxxxxxxxxxxxxxxxxxxxxxxxxxxxxxxxxxxxxxxxxxxxxxxxxxxxxxxxxxxxxxxxxxxxxxxxxxxxxxxxxxxxxxxxxxxxxxxxxxxxxxxxxxxxxxxxxxxxxxxxxxxxxxxxxxxxxxxxxxxxxxxxxxxxxxxxxxxxxxxxxxxxxxxxxxxxxxxxxxxxxxxxxxxxxxxxxxxxxxxxxxxxxxxxxxxxxxxxxxxxxxxxxxxxxxxxxxxxxxxxxxxxxxxxxxxxxxxxxxxxxxxxxxxxxxxxxxxxxxxxxxxxxxxxxxxxxxxxxxxxxxxxxxxxxxxxxxxxxxxxxxxxxxxxxxxxxxxxxxxxxxxxxxxxxxxxxxxxxxxxxxxxxxxxxxxxxxxxxxxxxxxxxxxxxxxxxxxxxxxxxxxxxxxxxxxxxxxxxxxxxxxxxxxxxxxxxxxxxxxxxxxxxxxxxxxxxxxxxxxxxxxxxxxxxxxxxxxxxxxxxxxxxxxxxxxxxxxxxxxxxxxxxxxxxxxxxxxxxxxxxxxxxxxxxxxxxxxxxxxxxxxxxxxxxxxxxxxxxxxxxxxxxxxxxxxxxxxxxxxxxxxxxxxxxxxxxxxxxxxxxxxxxxxxxxxxxxxxxxxxxxxxxxxxxxxxxxxxxxxxxxxxxxxxxxxxxxxxxxxxxxxxxxxxxxxxxxxxxxxxxxxxxxxxxxxxxxxxxxxxxxxxxxxxxxxxxxxxxxxxxxxxxxxxxxxxxxxxxxxxxxxxxxxxxxxxxxxxxxxxxxxxxxxxxxxxxxxxxxxxxxxxxxxxxxxxxxxxxxxxxxxxxxxxxxxxxxxxxxxxxxxxxxxxxxxxxxxxxxxxxxxxxxxxxxxxxxxxxxxxxxxxxxxxxxxxxxxxxxxxxxxxxxxxxxxxxxxxxxxxxxxxxxxxxxxxxxxxxxxxxxxxxxxxxxxxxxxxxxxxxxxxxxxxxxxxxxxxxxxxxxxxxxxxxxxxxxxxxxxxxxxxxxxxxxxxxxxxxxxxxxxxxxxxxxxxxxxxxxxxxxxxxxxxxxxxxxxxxxxxxxxxxxxxxxxxxxxxxxxxxxxxxxxxxxxxxxxxxxxxxxxxxxxxxxxxxxxxxxxxxxxxxxxxxxxxxxxxxxxxxxxxxxxxxxxxxxxxxxxxxxxxxxxxxxxxxxxxxxxxxxxxxxxxxxxxxxxxxxxxxxxxxxxxxxxxxxxxxxxxxxxxxxxxxxxxxxxxxxxxxxxxxxxxxxxxxxxxxxxxxxxxxxxxxxxxxxxxxxxxxxxxxxxxxxxxxxxxxxxxxxxxxxxxxxxxxxxxxxxxxxxxxxxxxxxxxxxxxxxxxxxxxxxxxxxxxxxxxxxxxxxxxxxxxxxxxxxxxxxxxxxxxxxxxxxxxxxxxxxxxxxxxxxxxxxxxxxxxxxxxxxxxxxxxxxxxxxxxxxxxxxxxxxxxxxxxxxxxxxxxxxxxxxxxxxxxxxxxxxxxxxxxxxxxxxxxxxxxxxxxxxxxxxxxxxxxxxxxxxxxxxxxxxxxxxxxxxxxxxxxxxxxxxxxxxxxxxxxxxxxxxxxxxxxxxxxxxxxxxxxxxxxxxxxxxxxxxxxxxxxxxxxxxxxxxxxxxxxxxxxxxxxxxxxxxxxxxxxxxxxxxxxxxxxxxxxxxxxxxxxxxxxxxxxxxxxxxxxxxxxxxxxxxxxxxxxxxxxxxxxxxxxxxxxxxxxxxxxxxxxxxxxxxxxxxxxxxxxxxxxxx] PASSED [ 85%]
tests/test_seeded_api.py::test_injection_and_oversized_ids_are_harmless[%00] PASSED [ 86%]
tests/test_seeded_api.py::test_injection_and_oversized_ids_are_harmless[<script>alert(1)</script>] PASSED [ 87%]
tests/test_seeded_api.py::test_injection_and_oversized_ids_are_harmless[{"$ne": null}] PASSED [ 89%]
tests/test_seeded_api.py::test_start_rejects_invalid_bodies_with_field_errors[body0-scanId] PASSED [ 90%]
tests/test_seeded_api.py::test_start_rejects_invalid_bodies_with_field_errors[body1-auth] PASSED [ 91%]
tests/test_seeded_api.py::test_start_rejects_invalid_bodies_with_field_errors[body2-auth] PASSED [ 92%]
tests/test_seeded_api.py::test_start_rejects_invalid_bodies_with_field_errors[body3-type] PASSED [ 93%]
tests/test_seeded_api.py::test_start_rejects_invalid_bodies_with_field_errors[body4-scanId] PASSED [ 95%]
tests/test_seeded_api.py::test_start_rejects_invalid_bodies_with_field_errors[body5-organizationId] PASSED [ 96%]
tests/test_seeded_api.py::test_start_rejects_invalid_bodies_with_field_errors[body6-filters] PASSED [ 97%]
tests/test_seeded_api.py::test_start_rejects_malformed_json PASSED       [ 98%]
tests/test_seeded_api.py::test_start_with_existing_scan_id_conflicts PASSED [100%]

============================= 83 passed in 34.38s =============================
